Microchip MPLAB XC8 Compiler V1.43 ()

Linker command line:

-W-3 --edf=C:\Program Files (x86)\Microchip\xc8\v1.43\dat\en_msgs.txt -cs \
  -h+dist/default/production\jgatonraton1.production.sym \
  --cmf=dist/default/production\jgatonraton1.production.cmf -z -Q16F887 \
  -oC:\Users\sebas\AppData\Local\Temp\s5dg.2 \
  -Mdist/default/production/jgatonraton1.production.map -E1 -ver=XC8 \
  -ASTACK=0110h-016fh -pstack=STACK -ACODE=00h-07FFhx4 -ASTRCODE=00h-01FFFh \
  -ASTRING=00h-0FFhx32 -ACONST=00h-0FFhx32 -AENTRY=00h-0FFhx32 \
  -ACOMMON=070h-07Fh -ABANK0=020h-06Fh -ABANK1=0A0h-0EFh \
  -ABANK2=0110h-016Fh -ABANK3=0190h-01EFh \
  -ARAM=020h-06Fh,0A0h-0EFh,0110h-016Fh,0190h-01EFh \
  -AABS1=020h-07Fh,0A0h-0EFh,0110h-016Fh,0190h-01EFh -ASFR0=00h-01Fh \
  -ASFR1=080h-09Fh -ASFR2=0100h-010Fh -ASFR3=0180h-018Fh \
  -preset_vec=00h,intentry=04h,init,end_init -ppowerup=CODE -pcinit=CODE \
  -pfunctab=ENTRY -ACONFIG=02007h-02008h -pconfig=CONFIG -DCONFIG=2 \
  -AIDLOC=02000h-02003h -pidloc=IDLOC -DIDLOC=2 -AEEDATA=00h-0FFh/02100h \
  -peeprom_data=EEDATA -DEEDATA=2 -DCODE=2 -DSTRCODE=2 -DSTRING=2 -DCONST=2 \
  -DENTRY=2 -k C:\Users\sebas\AppData\Local\Temp\s5dg.obj \
  dist/default/production\jgatonraton1.production.obj 

Object code version is 3.11

Machine type is 16F887



                Name                               Link     Load   Length Selector   Space Scale
C:\Users\sebas\AppData\Local\Temp\s5dg.obj
                end_init                             12       12        3        8       0
                reset_vec                             0        0        3        0       0
                config                             2007     2007        2     400E       0
dist/default/production\jgatonraton1.production.obj
                cinit                                15       15       36        8       0
                intentry                              4        4        E        8       0
                text25                              C0F      C0F       29     181E       0
                text24                              DBC      DBC       4D     1B78       0
                text23                              E09      E09       6E     1C12       0
                text22                              BB1      BB1       18     1762       0
                text21                              C38      C38       2F     1870       0
                text20                              BEA      BEA       25     17D4       0
                text19                              64E      64E       B8        8       0
                text18                              B94      B94        A     1728       0
                text17                              2CE      2CE      109        8       0
                text16                              BC9      BC9       21     1792       0
                text15                              B9E      B9E       13     173C       0
                text14                              4B3      4B3       D3        8       0
                text13                              E77      E77       79     1CEE       0
                text12                              CA8      CA8       42     1950       0
                text11                              79F      79F       5F        8       0
                text10                              F72      F72       8E     1EE4       0
                text9                               CEA      CEA       42     19D4       0
                text8                               706      706       99        8       0
                text7                               EF0      EF0       82     1DE0       0
                text6                               193      193      13B        8       0
                text5                               586      586       C8        8       0
                text4                                4B       4B      148        8       0
                text3                               C67      C67       41     18CE       0
                text2                               D2C      D2C       47     1A58       0
                text1                               D73      D73       49     1AE6       0
                maintext                            3D7      3D7       DC        8       0
                cstackBANK0                          20       20       4F       20       1
                cstackCOMMON                         70       70        6       70       1
                cstackBANK1                          A0       A0       12       A0       1
                dataBANK1                            B2       B2        4       A0       1
                dataCOMMON                           76       76        4       70       1
                bssCOMMON                            7A       7A        2       70       1
                strings                             800      800       3F     1000       0
                idataBANK1                          B8C      B8C        4     1718       0
                idataCOMMON                         B90      B90        4     1720       0

TOTAL           Name                               Link     Load   Length     Space
        CLASS   STACK          

        CLASS   CODE           
                end_init                             12       12        3         0
                cinit                                15       15       36         0
                intentry                              4        4        E         0
                reset_vec                             0        0        3         0
                text25                              C0F      C0F       29         0
                text24                              DBC      DBC       4D         0
                text23                              E09      E09       6E         0
                text22                              BB1      BB1       18         0
                text21                              C38      C38       2F         0
                text20                              BEA      BEA       25         0
                text19                              64E      64E       B8         0
                text18                              B94      B94        A         0
                text17                              2CE      2CE      109         0
                text16                              BC9      BC9       21         0
                text15                              B9E      B9E       13         0
                text14                              4B3      4B3       D3         0
                text13                              E77      E77       79         0
                text12                              CA8      CA8       42         0
                text11                              79F      79F       5F         0
                text10                              F72      F72       8E         0
                text9                               CEA      CEA       42         0
                text8                               706      706       99         0
                text7                               EF0      EF0       82         0
                text6                               193      193      13B         0
                text5                               586      586       C8         0
                text4                                4B       4B      148         0
                text3                               C67      C67       41         0
                text2                               D2C      D2C       47         0
                text1                               D73      D73       49         0
                maintext                            3D7      3D7       DC         0
                idataBANK1                          B8C      B8C        4         0
                idataCOMMON                         B90      B90        4         0

        CLASS   STRCODE        

        CLASS   STRING         
                strings                             800      800       3F         0

        CLASS   CONST          

        CLASS   ENTRY          

        CLASS   COMMON         
                cstackCOMMON                         70       70        6         1
                dataCOMMON                           76       76        4         1
                bssCOMMON                            7A       7A        2         1

        CLASS   BANK0          
                cstackBANK0                          20       20       4F         1

        CLASS   BANK1          
                cstackBANK1                          A0       A0       12         1
                dataBANK1                            B2       B2        4         1

        CLASS   BANK2          

        CLASS   BANK3          

        CLASS   RAM            

        CLASS   ABS1           
                abs_s1                               7E       7E        2         1

        CLASS   SFR0           

        CLASS   SFR1           

        CLASS   SFR2           

        CLASS   SFR3           

        CLASS   CONFIG         
                config                             2007     2007        2         0

        CLASS   IDLOC          

        CLASS   EEDATA         



SEGMENTS        Name                           Load    Length   Top    Selector   Space  Class     Delta

                reset_vec                      000000  000003  000003         0       0  CODE        2
                intentry                       000004  0007FA  0007FE         8       0  CODE        2
                cstackBANK0                    000020  00004F  00006F        20       1  BANK0       1
                cstackCOMMON                   000070  00000C  00007C        70       1  COMMON      1
                cstackBANK1                    0000A0  000016  0000B6        A0       1  BANK1       1
                strings                        000800  00003F  00083F      1000       0  STRING      2
                idataBANK1                     000B8C  000004  000B90      1718       0  CODE        2
                idataCOMMON                    000B90  000004  000B94      1720       0  CODE        2
                text18                         000B94  00000A  000B9E      1728       0  CODE        2
                text15                         000B9E  000013  000BB1      173C       0  CODE        2
                text22                         000BB1  000018  000BC9      1762       0  CODE        2
                text16                         000BC9  000021  000BEA      1792       0  CODE        2
                text20                         000BEA  000025  000C0F      17D4       0  CODE        2
                text25                         000C0F  000029  000C38      181E       0  CODE        2
                text21                         000C38  00002F  000C67      1870       0  CODE        2
                text3                          000C67  000041  000CA8      18CE       0  CODE        2
                text12                         000CA8  000042  000CEA      1950       0  CODE        2
                text9                          000CEA  000042  000D2C      19D4       0  CODE        2
                text2                          000D2C  000047  000D73      1A58       0  CODE        2
                text1                          000D73  000049  000DBC      1AE6       0  CODE        2
                text24                         000DBC  00004D  000E09      1B78       0  CODE        2
                text23                         000E09  00006E  000E77      1C12       0  CODE        2
                text13                         000E77  000079  000EF0      1CEE       0  CODE        2
                text7                          000EF0  000082  000F72      1DE0       0  CODE        2
                text10                         000F72  00008E  001000      1EE4       0  CODE        2
                config                         002007  000002  002009      400E       0  CONFIG      2


UNUSED ADDRESS RANGES

        Name                Unused          Largest block    Delta
        BANK0            006F-006F              1           1
        BANK1            00B6-00EF             3A           1
        BANK2            0110-016F             60           1
        BANK3            0190-01EF             60           1
        CODE             0003-0003              1           2
                         07FE-07FF              2
                         083F-0B8B            34D
                         1000-1FFF            800
        COMMON           007C-007D              2           1
        CONST            0003-0003              1           2
                         07FE-07FF              2
                         083F-0B8B            100
                         1000-1FFF            100
        EEDATA           2100-21FF            100           2
        ENTRY            0003-0003              1           2
                         07FE-07FF              2
                         083F-0B8B            100
                         1000-1FFF            100
        IDLOC            2000-2003              4           2
        RAM              006F-006F              1           1
                         00B6-00EF             3A
                         0110-016F             60
                         0190-01EF             60
        SFR0             0000-001F             20           1
        SFR1             0080-009F             20           1
        SFR2             0100-010F             10           1
        SFR3             0180-018F             10           1
        STACK            0110-016F             60           1
        STRCODE          0003-0003              1           2
                         07FE-07FF              2
                         083F-0B8B            34D
                         1000-1FFF           1000
        STRING           0003-0003              1           2
                         07FE-07FF              2
                         083F-0B8B            100
                         1000-1FFF            100

                                  Symbol Table

?___altoft                cstackBANK0  003A
?___awmod                 cstackBANK0  0034
?___awtoft                cstackBANK0  0028
?___ftadd                 cstackBANK0  003E
?___ftdiv                 cstackBANK0  0028
?___ftmul                 cstackBANK0  002E
?___ftneg                 cstackBANK0  0020
?___ftpack                cstackBANK0  0020
?___ftsub                 cstackBANK0  004B
?___fttol                 cstackBANK0  002C
?___lltoft                cstackBANK0  0028
?___lmul                  cstackBANK0  0020
?___lwtoft                cstackBANK0  0028
?_eval_poly               cstackBANK0  004B
?_exp                     cstackBANK0  005C
?_floor                   cstackBANK0  004B
?_frexp                   cstackBANK0  0020
?_ldexp                   cstackBANK0  0055
?_log                     cstackBANK0  0055
?_pow                     cstackBANK0  0066
?_rand                    cstackBANK0  002D
_ANSEL                    (abs)        0188
_ANSELH                   (abs)        0189
_GATO                     dataBANK1    00B2
_INTCONbits               (abs)        000B
_PORTBbits                (abs)        0006
_PORTC                    (abs)        0007
_PORTD                    (abs)        0008
_PORTDbits                (abs)        0008
_RATON                    dataBANK1    00B4
_TRISB                    (abs)        0086
_TRISC                    (abs)        0087
_TRISD                    (abs)        0088
__CFG_BOR4V$BOR40V        (abs)        0000
__CFG_BOREN$OFF           (abs)        0000
__CFG_CP$OFF              (abs)        0000
__CFG_CPD$OFF             (abs)        0000
__CFG_FCMEN$OFF           (abs)        0000
__CFG_FOSC$INTRC_NOCLKOUT (abs)        0000
__CFG_IESO$OFF            (abs)        0000
__CFG_LVP$OFF             (abs)        0000
__CFG_MCLRE$ON            (abs)        0000
__CFG_PWRTE$OFF           (abs)        0000
__CFG_WDTE$ON             (abs)        0000
__CFG_WRT$OFF             (abs)        0000
__Habs1                   abs1         0000
__Hbank0                  bank0        0000
__Hbank1                  bank1        0000
__Hbank2                  bank2        0000
__Hbank3                  bank3        0000
__HbssCOMMON              bssCOMMON    0000
__Hcinit                  cinit        004B
__Hclrtext                clrtext      0000
__Hcode                   code         0000
__Hcommon                 common       0000
__Hconfig                 config       2009
__HcstackBANK0            cstackBANK0  0000
__HcstackBANK1            cstackBANK1  0000
__HcstackCOMMON           cstackCOMMON 0000
__HdataBANK1              dataBANK1    0000
__HdataCOMMON             dataCOMMON   0000
__Heeprom_data            eeprom_data  0000
__Hend_init               end_init     0015
__Hfunctab                functab      0000
__HidataBANK1             idataBANK1   0000
__HidataCOMMON            idataCOMMON  0000
__Hidloc                  idloc        0000
__Hinit                   init         0012
__Hintentry               intentry     0012
__Hmaintext               maintext     0000
__Hpowerup                powerup      0000
__Hram                    ram          0000
__Hreset_vec              reset_vec    0003
__Hsfr0                   sfr0         0000
__Hsfr1                   sfr1         0000
__Hsfr2                   sfr2         0000
__Hsfr3                   sfr3         0000
__Hspace_0                (abs)        2009
__Hspace_1                (abs)        00B6
__Hspace_2                (abs)        0000
__Hspace_3                (abs)        0000
__Hstack                  stack        0000
__Hstrings                strings      0000
__Htext                   text         0000
__Labs1                   abs1         0000
__Lbank0                  bank0        0000
__Lbank1                  bank1        0000
__Lbank2                  bank2        0000
__Lbank3                  bank3        0000
__LbssCOMMON              bssCOMMON    0000
__Lcinit                  cinit        0015
__Lclrtext                clrtext      0000
__Lcode                   code         0000
__Lcommon                 common       0000
__Lconfig                 config       2007
__LcstackBANK0            cstackBANK0  0000
__LcstackBANK1            cstackBANK1  0000
__LcstackCOMMON           cstackCOMMON 0000
__LdataBANK1              dataBANK1    0000
__LdataCOMMON             dataCOMMON   0000
__Leeprom_data            eeprom_data  0000
__Lend_init               end_init     0012
__Lfunctab                functab      0000
__LidataBANK1             idataBANK1   0000
__LidataCOMMON            idataCOMMON  0000
__Lidloc                  idloc        0000
__Linit                   init         0012
__Lintentry               intentry     0004
__Lmaintext               maintext     0000
__Lpowerup                powerup      0000
__Lram                    ram          0000
__Lreset_vec              reset_vec    0000
__Lsfr0                   sfr0         0000
__Lsfr1                   sfr1         0000
__Lsfr2                   sfr2         0000
__Lsfr3                   sfr3         0000
__Lspace_0                (abs)        0000
__Lspace_1                (abs)        0000
__Lspace_2                (abs)        0000
__Lspace_3                (abs)        0000
__Lstack                  stack        0000
__Lstrings                strings      0000
__Ltext                   text         0000
__S0                      (abs)        2009
__S1                      (abs)        00B6
__S2                      (abs)        0000
__S3                      (abs)        0000
___altoft                 text12       0CA8
___altoft@c               cstackBANK0  003A
___altoft@exp             cstackBANK0  0040
___altoft@sign            cstackBANK0  0041
___awmod                  text24       0DBC
___awmod@counter          cstackBANK0  0039
___awmod@dividend         cstackBANK0  0036
___awmod@divisor          cstackBANK0  0034
___awmod@sign             cstackBANK0  003A
___awtoft                 text20       0BEA
___awtoft@c               cstackBANK0  0028
___awtoft@sign            cstackBANK0  002D
___bmul                   text15       0B9E
___bmul@multiplicand      cstackBANK0  0020
___bmul@multiplier        cstackBANK0  0023
___bmul@product           cstackBANK0  0022
___ftadd                  text17       02CE
___ftadd@exp1             cstackBANK0  004A
___ftadd@exp2             cstackBANK0  0049
___ftadd@f1               cstackBANK0  003E
___ftadd@f2               cstackBANK0  0041
___ftadd@sign             cstackBANK0  0048
___ftdiv                  text19       064E
___ftdiv@cntr             cstackBANK0  0032
___ftdiv@exp              cstackBANK0  0036
___ftdiv@f1               cstackBANK0  002B
___ftdiv@f2               cstackBANK0  0028
___ftdiv@f3               cstackBANK0  0033
___ftdiv@sign             cstackBANK0  0037
___ftge                   text11       079F
___ftge@ff1               cstackBANK0  0020
___ftge@ff2               cstackBANK0  0023
___ftmul                  text14       04B3
___ftmul@cntr             cstackBANK0  003C
___ftmul@exp              cstackBANK0  0038
___ftmul@f1               cstackBANK0  002E
___ftmul@f2               cstackBANK0  0031
___ftmul@f3_as_product    cstackBANK0  0039
___ftmul@sign             cstackBANK0  003D
___ftneg                  text18       0B94
___ftneg@f1               cstackBANK0  0020
___ftpack                 text23       0E09
___ftpack@arg             cstackBANK0  0020
___ftpack@exp             cstackBANK0  0023
___ftpack@sign            cstackBANK0  0024
___ftsub                  text16       0BC9
___ftsub@f1               cstackBANK0  004E
___ftsub@f2               cstackBANK0  004B
___fttol                  text10       0F72
___fttol@exp1             cstackBANK0  0039
___fttol@f1               cstackBANK0  002C
___fttol@lval             cstackBANK0  0035
___fttol@sign1            cstackBANK0  0034
___int_sp                 stack        0000
___latbits                (abs)        0002
___lltoft                 text21       0C38
___lltoft@c               cstackBANK0  0028
___lltoft@exp             cstackBANK0  002D
___lmul                   text3        0C67
___lmul@multiplicand      cstackBANK0  0024
___lmul@multiplier        cstackBANK0  0020
___lmul@product           cstackBANK0  0029
___lwtoft                 text22       0BB1
___lwtoft@c               cstackBANK0  0028
___sp                     stack        0000
__end_of___altoft         text12       0CEA
__end_of___awmod          text24       0E09
__end_of___awtoft         text20       0C0F
__end_of___bmul           text15       0BB1
__end_of___ftadd          text17       03D7
__end_of___ftdiv          text19       0706
__end_of___ftge           text11       07FE
__end_of___ftmul          text14       0586
__end_of___ftneg          text18       0B9E
__end_of___ftpack         text23       0E77
__end_of___ftsub          text16       0BEA
__end_of___fttol          text10       1000
__end_of___lltoft         text21       0C67
__end_of___lmul           text3        0CA8
__end_of___lwtoft         text22       0BC9
__end_of__initialization  cinit        0047
__end_of__stringtab       strings      0806
__end_of_eval_poly        text13       0EF0
__end_of_exp              text6        02CE
__end_of_floor            text8        079F
__end_of_frexp            text9        0D2C
__end_of_isr              text25       0C38
__end_of_ldexp            text7        0F72
__end_of_log              text5        064E
__end_of_main             maintext     04B3
__end_of_pow              text4        0193
__end_of_rand             text2        0D73
__end_of_validar          text1        0DBC
__end_ofexp@coeff         strings      0824
__end_oflog@coeff         strings      083F
__initialization          cinit        0015
__pbssCOMMON              bssCOMMON    007A
__pcstackBANK0            cstackBANK0  0020
__pcstackBANK1            cstackBANK1  00A0
__pcstackCOMMON           cstackCOMMON 0070
__pdataBANK1              dataBANK1    00B2
__pdataCOMMON             dataCOMMON   0076
__pidataBANK1             idataBANK1   0B8C
__pidataCOMMON            idataCOMMON  0B90
__pintentry               intentry     0004
__pmaintext               maintext     03D7
__pstrings                strings      0800
__ptext1                  text1        0D73
__ptext10                 text10       0F72
__ptext11                 text11       079F
__ptext12                 text12       0CA8
__ptext13                 text13       0E77
__ptext14                 text14       04B3
__ptext15                 text15       0B9E
__ptext16                 text16       0BC9
__ptext17                 text17       02CE
__ptext18                 text18       0B94
__ptext19                 text19       064E
__ptext2                  text2        0D2C
__ptext20                 text20       0BEA
__ptext21                 text21       0C38
__ptext22                 text22       0BB1
__ptext23                 text23       0E09
__ptext24                 text24       0DBC
__ptext25                 text25       0C0F
__ptext3                  text3        0C67
__ptext4                  text4        004B
__ptext5                  text5        0586
__ptext6                  text6        0193
__ptext7                  text7        0EF0
__ptext8                  text8        0706
__ptext9                  text9        0CEA
__size_of___altoft        (abs)        0000
__size_of___awmod         (abs)        0000
__size_of___awtoft        (abs)        0000
__size_of___bmul          (abs)        0000
__size_of___ftadd         (abs)        0000
__size_of___ftdiv         (abs)        0000
__size_of___ftge          (abs)        0000
__size_of___ftmul         (abs)        0000
__size_of___ftneg         (abs)        0000
__size_of___ftpack        (abs)        0000
__size_of___ftsub         (abs)        0000
__size_of___fttol         (abs)        0000
__size_of___lltoft        (abs)        0000
__size_of___lmul          (abs)        0000
__size_of___lwtoft        (abs)        0000
__size_of_eval_poly       (abs)        0000
__size_of_exp             (abs)        0000
__size_of_floor           (abs)        0000
__size_of_frexp           (abs)        0000
__size_of_isr             (abs)        0000
__size_of_ldexp           (abs)        0000
__size_of_log             (abs)        0000
__size_of_main            (abs)        0000
__size_of_pow             (abs)        0000
__size_of_rand            (abs)        0000
__size_of_validar         (abs)        0000
__stringbase              strings      0805
__stringtab               strings      0800
_errno                    bssCOMMON    007A
_eval_poly                text13       0E77
_exp                      text6        0193
_exp$646                  cstackBANK0  0060
_floor                    text8        0706
_frexp                    text9        0CEA
_isr                      text25       0C0F
_ldexp                    text7        0EF0
_log                      text5        0586
_main                     maintext     03D7
_main$643                 cstackBANK1  00AB
_pow                      text4        004B
_pow$644                  cstackBANK1  00A0
_pow$645                  cstackBANK1  00A3
_rand                     text2        0D2C
_randx                    dataCOMMON   0076
_validar                  text1        0D73
btemp                     (abs)        007E
end_of_initialization     cinit        0047
eval_poly@d               cstackBANK0  004E
eval_poly@n               cstackBANK0  004F
eval_poly@res             cstackBANK0  0052
eval_poly@x               cstackBANK0  004B
exp@coeff                 strings      0806
exp@exponent              cstackBANK0  0063
exp@sign                  cstackBANK0  0065
exp@x                     cstackBANK0  005C
floor@expon               cstackBANK0  0052
floor@i                   cstackBANK0  004F
floor@x                   cstackBANK0  004B
frexp@eptr                cstackBANK0  0023
frexp@value               cstackBANK0  0020
interrupt_function        intentry     0004
intlevel0                 functab      0000
intlevel1                 functab      0000
intlevel2                 functab      0000
intlevel3                 functab      0000
intlevel4                 functab      0000
intlevel5                 functab      0000
ldexp@newexp              cstackBANK0  0058
ldexp@value               cstackBANK0  0055
log@coeff                 strings      0824
log@exponent              cstackBANK0  0059
log@x                     cstackBANK0  0055
main@aux                  cstackBANK1  00AE
main@aux2                 cstackBANK1  00B0
pow@sign                  cstackBANK1  00A6
pow@x                     cstackBANK0  0066
pow@y                     cstackBANK0  0069
pow@yi                    cstackBANK1  00A7
reset_vec                 reset_vec    0000
saved_w                   (abs)        007E
stackhi                   (abs)        0000
stacklo                   (abs)        0000
start                     init         0012
start_initialization      cinit        0015
wtemp0                    (abs)        007E


FUNCTION INFORMATION:

 *************** function _main *****************
 Defined at:
		line 63 in file "jgatoraton1.c"
 Parameters:    Size  Location     Type
		None
 Auto vars:     Size  Location     Type
  aux2            2   16[BANK1 ] int 
  aux             2   14[BANK1 ] int 
 Return value:  Size  Location     Type
                  1    wreg      void 
 Registers used:
		wreg, fsr0l, fsr0h, status,2, status,0, btemp+1, pclath, cstack
 Tracked objects:
		On entry : 
		On exit  : 
		Unchanged: 
 Data sizes:     COMMON   BANK0   BANK1   BANK3   BANK2
      Params:         0       0       0       0       0
      Locals:         0       0       7       0       0
      Temps:          0       2       0       0       0
      Totals:         0       2       7       0       0
Total ram usage:        9 bytes
 Hardware stack levels required when called:    6
 This function calls:
		___awmod
		___fttol
		___lwtoft
		_pow
		_rand
		_validar
 This function is called by:
		Startup code after reset
 This function uses a non-reentrant model


 *************** function _validar *****************
 Defined at:
		line 42 in file "jgatoraton1.c"
 Parameters:    Size  Location     Type
		None
 Auto vars:     Size  Location     Type
		None
 Return value:  Size  Location     Type
                  1    wreg      void 
 Registers used:
		wreg, status,2, status,0
 Tracked objects:
		On entry : 
		On exit  : 
		Unchanged: 
 Data sizes:     COMMON   BANK0   BANK1   BANK3   BANK2
      Params:         0       0       0       0       0
      Locals:         0       0       0       0       0
      Temps:          0       3       0       0       0
      Totals:         0       3       0       0       0
Total ram usage:        3 bytes
 Hardware stack levels used:    1
 Hardware stack levels required when called:    1
 This function calls:
		Nothing
 This function is called by:
		_main
 This function uses a non-reentrant model


 *************** function _rand *****************
 Defined at:
		line 12 in file "C:\Program Files (x86)\Microchip\xc8\v1.43\sources\common\rand.c"
 Parameters:    Size  Location     Type
		None
 Auto vars:     Size  Location     Type
		None
 Return value:  Size  Location     Type
                  2   13[BANK0 ] int 
 Registers used:
		wreg, status,2, status,0, pclath, cstack
 Tracked objects:
		On entry : 
		On exit  : 
		Unchanged: 
 Data sizes:     COMMON   BANK0   BANK1   BANK3   BANK2
      Params:         0       2       0       0       0
      Locals:         0       0       0       0       0
      Temps:          0       5       0       0       0
      Totals:         0       7       0       0       0
Total ram usage:        7 bytes
 Hardware stack levels used:    1
 Hardware stack levels required when called:    2
 This function calls:
		___lmul
 This function is called by:
		_main
 This function uses a non-reentrant model


 *************** function ___lmul *****************
 Defined at:
		line 15 in file "C:\Program Files (x86)\Microchip\xc8\v1.43\sources\common\Umul32.c"
 Parameters:    Size  Location     Type
  multiplier      4    0[BANK0 ] unsigned long 
  multiplicand    4    4[BANK0 ] unsigned long 
 Auto vars:     Size  Location     Type
  product         4    9[BANK0 ] unsigned long 
 Return value:  Size  Location     Type
                  4    0[BANK0 ] unsigned long 
 Registers used:
		wreg, status,2, status,0
 Tracked objects:
		On entry : 
		On exit  : 
		Unchanged: 
 Data sizes:     COMMON   BANK0   BANK1   BANK3   BANK2
      Params:         0       8       0       0       0
      Locals:         0       4       0       0       0
      Temps:          0       1       0       0       0
      Totals:         0      13       0       0       0
Total ram usage:       13 bytes
 Hardware stack levels used:    1
 Hardware stack levels required when called:    1
 This function calls:
		Nothing
 This function is called by:
		_rand
 This function uses a non-reentrant model


 *************** function _pow *****************
 Defined at:
		line 5 in file "C:\Program Files (x86)\Microchip\xc8\v1.43\sources\common\pow.c"
 Parameters:    Size  Location     Type
  x               3   70[BANK0 ] unsigned long 
  y               3   73[BANK0 ] unsigned long 
 Auto vars:     Size  Location     Type
  yi              4    7[BANK1 ] unsigned long 
  sign            1    6[BANK1 ] unsigned char 
 Return value:  Size  Location     Type
                  3   70[BANK0 ] unsigned char 
 Registers used:
		wreg, fsr0l, fsr0h, status,2, status,0, btemp+1, pclath, cstack
 Tracked objects:
		On entry : 
		On exit  : 
		Unchanged: 
 Data sizes:     COMMON   BANK0   BANK1   BANK3   BANK2
      Params:         0       6       0       0       0
      Locals:         0       0      11       0       0
      Temps:          0       1       0       0       0
      Totals:         0       7      11       0       0
Total ram usage:       18 bytes
 Hardware stack levels used:    1
 Hardware stack levels required when called:    5
 This function calls:
		___ftge
		___ftmul
		___ftneg
		___fttol
		___lltoft
		_exp
		_log
 This function is called by:
		_main
 This function uses a non-reentrant model


 *************** function _log *****************
 Defined at:
		line 5 in file "C:\Program Files (x86)\Microchip\xc8\v1.43\sources\common\log.c"
 Parameters:    Size  Location     Type
  x               3   53[BANK0 ] unsigned char 
 Auto vars:     Size  Location     Type
  exponent        2   57[BANK0 ] int 
 Return value:  Size  Location     Type
                  3   53[BANK0 ] int 
 Registers used:
		wreg, fsr0l, fsr0h, status,2, status,0, btemp+1, pclath, cstack
 Tracked objects:
		On entry : 
		On exit  : 
		Unchanged: 
 Data sizes:     COMMON   BANK0   BANK1   BANK3   BANK2
      Params:         0       3       0       0       0
      Locals:         0       2       0       0       0
      Temps:          0       1       0       0       0
      Totals:         0       6       0       0       0
Total ram usage:        6 bytes
 Hardware stack levels used:    1
 Hardware stack levels required when called:    4
 This function calls:
		___awtoft
		___ftadd
		___ftge
		___ftmul
		_eval_poly
		_frexp
 This function is called by:
		_pow
 This function uses a non-reentrant model


 *************** function _exp *****************
 Defined at:
		line 12 in file "C:\Program Files (x86)\Microchip\xc8\v1.43\sources\common\exp.c"
 Parameters:    Size  Location     Type
  x               3   60[BANK0 ] int 
 Auto vars:     Size  Location     Type
  exponent        2   67[BANK0 ] int 
  sign            1   69[BANK0 ] unsigned char 
 Return value:  Size  Location     Type
                  3   60[BANK0 ] unsigned char 
 Registers used:
		wreg, fsr0l, fsr0h, status,2, status,0, btemp+1, pclath, cstack
 Tracked objects:
		On entry : 
		On exit  : 
		Unchanged: 
 Data sizes:     COMMON   BANK0   BANK1   BANK3   BANK2
      Params:         0       3       0       0       0
      Locals:         0       6       0       0       0
      Temps:          0       1       0       0       0
      Totals:         0      10       0       0       0
Total ram usage:       10 bytes
 Hardware stack levels used:    1
 Hardware stack levels required when called:    4
 This function calls:
		___awtoft
		___ftdiv
		___ftge
		___ftmul
		___ftneg
		___ftsub
		___fttol
		_eval_poly
		_floor
		_ldexp
 This function is called by:
		_pow
 This function uses a non-reentrant model


 *************** function _ldexp *****************
 Defined at:
		line 277 in file "C:\Program Files (x86)\Microchip\xc8\v1.43\sources\common\frexp.c"
 Parameters:    Size  Location     Type
  value           3   53[BANK0 ] unsigned char 
  newexp          2   56[BANK0 ] int 
 Auto vars:     Size  Location     Type
		None
 Return value:  Size  Location     Type
                  3   53[BANK0 ] int 
 Registers used:
		wreg, status,2, status,0, btemp+1, pclath, cstack
 Tracked objects:
		On entry : 
		On exit  : 
		Unchanged: 
 Data sizes:     COMMON   BANK0   BANK1   BANK3   BANK2
      Params:         0       5       0       0       0
      Locals:         0       0       0       0       0
      Temps:          0       2       0       0       0
      Totals:         0       7       0       0       0
Total ram usage:        7 bytes
 Hardware stack levels used:    1
 Hardware stack levels required when called:    2
 This function calls:
		___ftge
 This function is called by:
		_exp
 This function uses a non-reentrant model


 *************** function _floor *****************
 Defined at:
		line 13 in file "C:\Program Files (x86)\Microchip\xc8\v1.43\sources\common\floor.c"
 Parameters:    Size  Location     Type
  x               3   43[BANK0 ] int 
 Auto vars:     Size  Location     Type
  i               3   47[BANK0 ] int 
  expon           2   50[BANK0 ] int 
 Return value:  Size  Location     Type
                  3   43[BANK0 ] int 
 Registers used:
		wreg, fsr0l, fsr0h, status,2, status,0, btemp+1, pclath, cstack
 Tracked objects:
		On entry : 
		On exit  : 
		Unchanged: 
 Data sizes:     COMMON   BANK0   BANK1   BANK3   BANK2
      Params:         0       3       0       0       0
      Locals:         0       5       0       0       0
      Temps:          0       1       0       0       0
      Totals:         0       9       0       0       0
Total ram usage:        9 bytes
 Hardware stack levels used:    1
 Hardware stack levels required when called:    3
 This function calls:
		___altoft
		___ftadd
		___ftge
		___fttol
		_frexp
 This function is called by:
		_exp
 This function uses a non-reentrant model


 *************** function _frexp *****************
 Defined at:
		line 254 in file "C:\Program Files (x86)\Microchip\xc8\v1.43\sources\common\frexp.c"
 Parameters:    Size  Location     Type
  value           3    0[BANK0 ] int 
  eptr            1    3[BANK0 ] PTR int 
		 -> log@exponent(2), floor@expon(2), 
 Auto vars:     Size  Location     Type
		None
 Return value:  Size  Location     Type
                  3    0[BANK0 ] PTR int 
 Registers used:
		wreg, fsr0l, fsr0h, status,2, status,0, btemp+1
 Tracked objects:
		On entry : 
		On exit  : 
		Unchanged: 
 Data sizes:     COMMON   BANK0   BANK1   BANK3   BANK2
      Params:         0       4       0       0       0
      Locals:         0       0       0       0       0
      Temps:          0       2       0       0       0
      Totals:         0       6       0       0       0
Total ram usage:        6 bytes
 Hardware stack levels used:    1
 Hardware stack levels required when called:    1
 This function calls:
		Nothing
 This function is called by:
		_floor
		_log
 This function uses a non-reentrant model


 *************** function ___fttol *****************
 Defined at:
		line 44 in file "C:\Program Files (x86)\Microchip\xc8\v1.43\sources\common\fttol.c"
 Parameters:    Size  Location     Type
  f1              3   12[BANK0 ] float 
 Auto vars:     Size  Location     Type
  lval            4   21[BANK0 ] unsigned long 
  exp1            1   25[BANK0 ] unsigned char 
  sign1           1   20[BANK0 ] unsigned char 
 Return value:  Size  Location     Type
                  4   12[BANK0 ] long 
 Registers used:
		wreg, status,2, status,0
 Tracked objects:
		On entry : 
		On exit  : 
		Unchanged: 
 Data sizes:     COMMON   BANK0   BANK1   BANK3   BANK2
      Params:         0       4       0       0       0
      Locals:         0       6       0       0       0
      Temps:          0       4       0       0       0
      Totals:         0      14       0       0       0
Total ram usage:       14 bytes
 Hardware stack levels used:    1
 Hardware stack levels required when called:    1
 This function calls:
		Nothing
 This function is called by:
		_main
		_pow
		_exp
		_floor
 This function uses a non-reentrant model


 *************** function ___ftge *****************
 Defined at:
		line 4 in file "C:\Program Files (x86)\Microchip\xc8\v1.43\sources\common\ftge.c"
 Parameters:    Size  Location     Type
  ff1             3    0[BANK0 ] float 
  ff2             3    3[BANK0 ] float 
 Auto vars:     Size  Location     Type
		None
 Return value:  Size  Location     Type
		None               void
 Registers used:
		wreg, status,2, status,0
 Tracked objects:
		On entry : 
		On exit  : 
		Unchanged: 
 Data sizes:     COMMON   BANK0   BANK1   BANK3   BANK2
      Params:         0       6       0       0       0
      Locals:         0       0       0       0       0
      Temps:          0       6       0       0       0
      Totals:         0      12       0       0       0
Total ram usage:       12 bytes
 Hardware stack levels used:    1
 Hardware stack levels required when called:    1
 This function calls:
		Nothing
 This function is called by:
		_pow
		_exp
		_floor
		_ldexp
		_log
 This function uses a non-reentrant model


 *************** function ___altoft *****************
 Defined at:
		line 42 in file "C:\Program Files (x86)\Microchip\xc8\v1.43\sources\common\altoft.c"
 Parameters:    Size  Location     Type
  c               4   26[BANK0 ] long 
 Auto vars:     Size  Location     Type
  sign            1   33[BANK0 ] unsigned char 
  exp             1   32[BANK0 ] unsigned char 
 Return value:  Size  Location     Type
                  3   26[BANK0 ] float 
 Registers used:
		wreg, status,2, status,0, pclath, cstack
 Tracked objects:
		On entry : 
		On exit  : 
		Unchanged: 
 Data sizes:     COMMON   BANK0   BANK1   BANK3   BANK2
      Params:         0       4       0       0       0
      Locals:         0       2       0       0       0
      Temps:          0       2       0       0       0
      Totals:         0       8       0       0       0
Total ram usage:        8 bytes
 Hardware stack levels used:    1
 Hardware stack levels required when called:    2
 This function calls:
		___ftpack
 This function is called by:
		_floor
 This function uses a non-reentrant model


 *************** function _eval_poly *****************
 Defined at:
		line 4 in file "C:\Program Files (x86)\Microchip\xc8\v1.43\sources\common\evalpoly.c"
 Parameters:    Size  Location     Type
  x               3   43[BANK0 ] float 
  d               1   46[BANK0 ] PTR const 
		 -> log@coeff(27), exp@coeff(30), 
  n               2   47[BANK0 ] int 
 Auto vars:     Size  Location     Type
  res             3   50[BANK0 ] int 
 Return value:  Size  Location     Type
                  3   43[BANK0 ] int 
 Registers used:
		wreg, fsr0l, fsr0h, status,2, status,0, pclath, cstack
 Tracked objects:
		On entry : 
		On exit  : 
		Unchanged: 
 Data sizes:     COMMON   BANK0   BANK1   BANK3   BANK2
      Params:         0       6       0       0       0
      Locals:         0       3       0       0       0
      Temps:          0       1       0       0       0
      Totals:         0      10       0       0       0
Total ram usage:       10 bytes
 Hardware stack levels used:    1
 Hardware stack levels required when called:    3
 This function calls:
		___bmul
		___ftadd
		___ftmul
 This function is called by:
		_exp
		_log
 This function uses a non-reentrant model


 *************** function ___ftmul *****************
 Defined at:
		line 62 in file "C:\Program Files (x86)\Microchip\xc8\v1.43\sources\common\ftmul.c"
 Parameters:    Size  Location     Type
  f1              3   14[BANK0 ] float 
  f2              3   17[BANK0 ] float 
 Auto vars:     Size  Location     Type
  f3_as_produc    3   25[BANK0 ] unsigned um
  sign            1   29[BANK0 ] unsigned char 
  cntr            1   28[BANK0 ] unsigned char 
  exp             1   24[BANK0 ] unsigned char 
 Return value:  Size  Location     Type
                  3   14[BANK0 ] float 
 Registers used:
		wreg, status,2, status,0, pclath, cstack
 Tracked objects:
		On entry : 
		On exit  : 
		Unchanged: 
 Data sizes:     COMMON   BANK0   BANK1   BANK3   BANK2
      Params:         0       6       0       0       0
      Locals:         0       6       0       0       0
      Temps:          0       4       0       0       0
      Totals:         0      16       0       0       0
Total ram usage:       16 bytes
 Hardware stack levels used:    1
 Hardware stack levels required when called:    2
 This function calls:
		___ftpack
 This function is called by:
		_pow
		_exp
		_log
		_eval_poly
 This function uses a non-reentrant model


 *************** function ___bmul *****************
 Defined at:
		line 4 in file "C:\Program Files (x86)\Microchip\xc8\v1.43\sources\common\Umul8.c"
 Parameters:    Size  Location     Type
  multiplier      1    wreg     unsigned char 
  multiplicand    1    0[BANK0 ] unsigned char 
 Auto vars:     Size  Location     Type
  multiplier      1    3[BANK0 ] unsigned char 
  product         1    2[BANK0 ] unsigned char 
 Return value:  Size  Location     Type
                  1    wreg      unsigned char 
 Registers used:
		wreg, status,2, status,0
 Tracked objects:
		On entry : 
		On exit  : 
		Unchanged: 
 Data sizes:     COMMON   BANK0   BANK1   BANK3   BANK2
      Params:         0       1       0       0       0
      Locals:         0       2       0       0       0
      Temps:          0       1       0       0       0
      Totals:         0       4       0       0       0
Total ram usage:        4 bytes
 Hardware stack levels used:    1
 Hardware stack levels required when called:    1
 This function calls:
		Nothing
 This function is called by:
		_eval_poly
 This function uses a non-reentrant model


 *************** function ___ftsub *****************
 Defined at:
		line 18 in file "C:\Program Files (x86)\Microchip\xc8\v1.43\sources\common\ftsub.c"
 Parameters:    Size  Location     Type
  f2              3   43[BANK0 ] float 
  f1              3   46[BANK0 ] float 
 Auto vars:     Size  Location     Type
		None
 Return value:  Size  Location     Type
                  3   43[BANK0 ] float 
 Registers used:
		wreg, status,2, status,0, pclath, cstack
 Tracked objects:
		On entry : 
		On exit  : 
		Unchanged: 
 Data sizes:     COMMON   BANK0   BANK1   BANK3   BANK2
      Params:         0       6       0       0       0
      Locals:         0       0       0       0       0
      Temps:          0       0       0       0       0
      Totals:         0       6       0       0       0
Total ram usage:        6 bytes
 Hardware stack levels used:    1
 Hardware stack levels required when called:    3
 This function calls:
		___ftadd
 This function is called by:
		_exp
 This function uses a non-reentrant model


 *************** function ___ftadd *****************
 Defined at:
		line 86 in file "C:\Program Files (x86)\Microchip\xc8\v1.43\sources\common\ftadd.c"
 Parameters:    Size  Location     Type
  f1              3   30[BANK0 ] float 
  f2              3   33[BANK0 ] float 
 Auto vars:     Size  Location     Type
  exp1            1   42[BANK0 ] unsigned char 
  exp2            1   41[BANK0 ] unsigned char 
  sign            1   40[BANK0 ] unsigned char 
 Return value:  Size  Location     Type
                  3   30[BANK0 ] float 
 Registers used:
		wreg, status,2, status,0, pclath, cstack
 Tracked objects:
		On entry : 
		On exit  : 
		Unchanged: 
 Data sizes:     COMMON   BANK0   BANK1   BANK3   BANK2
      Params:         0       6       0       0       0
      Locals:         0       3       0       0       0
      Temps:          0       4       0       0       0
      Totals:         0      13       0       0       0
Total ram usage:       13 bytes
 Hardware stack levels used:    1
 Hardware stack levels required when called:    2
 This function calls:
		___ftpack
 This function is called by:
		___ftsub
		_floor
		_log
		_eval_poly
 This function uses a non-reentrant model


 *************** function ___ftneg *****************
 Defined at:
		line 15 in file "C:\Program Files (x86)\Microchip\xc8\v1.43\sources\common\ftneg.c"
 Parameters:    Size  Location     Type
  f1              3    0[BANK0 ] float 
 Auto vars:     Size  Location     Type
		None
 Return value:  Size  Location     Type
                  3    0[BANK0 ] float 
 Registers used:
		wreg
 Tracked objects:
		On entry : 
		On exit  : 
		Unchanged: 
 Data sizes:     COMMON   BANK0   BANK1   BANK3   BANK2
      Params:         0       3       0       0       0
      Locals:         0       0       0       0       0
      Temps:          0       0       0       0       0
      Totals:         0       3       0       0       0
Total ram usage:        3 bytes
 Hardware stack levels used:    1
 Hardware stack levels required when called:    1
 This function calls:
		Nothing
 This function is called by:
		_pow
		_exp
 This function uses a non-reentrant model


 *************** function ___ftdiv *****************
 Defined at:
		line 56 in file "C:\Program Files (x86)\Microchip\xc8\v1.43\sources\common\ftdiv.c"
 Parameters:    Size  Location     Type
  f2              3    8[BANK0 ] float 
  f1              3   11[BANK0 ] float 
 Auto vars:     Size  Location     Type
  f3              3   19[BANK0 ] float 
  sign            1   23[BANK0 ] unsigned char 
  exp             1   22[BANK0 ] unsigned char 
  cntr            1   18[BANK0 ] unsigned char 
 Return value:  Size  Location     Type
                  3    8[BANK0 ] float 
 Registers used:
		wreg, status,2, status,0, pclath, cstack
 Tracked objects:
		On entry : 
		On exit  : 
		Unchanged: 
 Data sizes:     COMMON   BANK0   BANK1   BANK3   BANK2
      Params:         0       6       0       0       0
      Locals:         0       6       0       0       0
      Temps:          0       4       0       0       0
      Totals:         0      16       0       0       0
Total ram usage:       16 bytes
 Hardware stack levels used:    1
 Hardware stack levels required when called:    2
 This function calls:
		___ftpack
 This function is called by:
		_exp
 This function uses a non-reentrant model


 *************** function ___awtoft *****************
 Defined at:
		line 32 in file "C:\Program Files (x86)\Microchip\xc8\v1.43\sources\common\awtoft.c"
 Parameters:    Size  Location     Type
  c               2    8[BANK0 ] int 
 Auto vars:     Size  Location     Type
  sign            1   13[BANK0 ] unsigned char 
 Return value:  Size  Location     Type
                  3    8[BANK0 ] float 
 Registers used:
		wreg, status,2, status,0, pclath, cstack
 Tracked objects:
		On entry : 
		On exit  : 
		Unchanged: 
 Data sizes:     COMMON   BANK0   BANK1   BANK3   BANK2
      Params:         0       3       0       0       0
      Locals:         0       1       0       0       0
      Temps:          0       2       0       0       0
      Totals:         0       6       0       0       0
Total ram usage:        6 bytes
 Hardware stack levels used:    1
 Hardware stack levels required when called:    2
 This function calls:
		___ftpack
 This function is called by:
		_exp
		_log
 This function uses a non-reentrant model


 *************** function ___lltoft *****************
 Defined at:
		line 35 in file "C:\Program Files (x86)\Microchip\xc8\v1.43\sources\common\lltoft.c"
 Parameters:    Size  Location     Type
  c               4    8[BANK0 ] unsigned long 
 Auto vars:     Size  Location     Type
  exp             1   13[BANK0 ] unsigned char 
 Return value:  Size  Location     Type
                  3    8[BANK0 ] float 
 Registers used:
		wreg, status,2, status,0, pclath, cstack
 Tracked objects:
		On entry : 
		On exit  : 
		Unchanged: 
 Data sizes:     COMMON   BANK0   BANK1   BANK3   BANK2
      Params:         0       4       0       0       0
      Locals:         0       1       0       0       0
      Temps:          0       1       0       0       0
      Totals:         0       6       0       0       0
Total ram usage:        6 bytes
 Hardware stack levels used:    1
 Hardware stack levels required when called:    2
 This function calls:
		___ftpack
 This function is called by:
		_pow
 This function uses a non-reentrant model


 *************** function ___lwtoft *****************
 Defined at:
		line 28 in file "C:\Program Files (x86)\Microchip\xc8\v1.43\sources\common\lwtoft.c"
 Parameters:    Size  Location     Type
  c               2    8[BANK0 ] unsigned int 
 Auto vars:     Size  Location     Type
		None
 Return value:  Size  Location     Type
                  3    8[BANK0 ] float 
 Registers used:
		wreg, status,2, status,0, pclath, cstack
 Tracked objects:
		On entry : 
		On exit  : 
		Unchanged: 
 Data sizes:     COMMON   BANK0   BANK1   BANK3   BANK2
      Params:         0       3       0       0       0
      Locals:         0       0       0       0       0
      Temps:          0       1       0       0       0
      Totals:         0       4       0       0       0
Total ram usage:        4 bytes
 Hardware stack levels used:    1
 Hardware stack levels required when called:    2
 This function calls:
		___ftpack
 This function is called by:
		_main
 This function uses a non-reentrant model


 *************** function ___ftpack *****************
 Defined at:
		line 62 in file "C:\Program Files (x86)\Microchip\xc8\v1.43\sources\common\float.c"
 Parameters:    Size  Location     Type
  arg             3    0[BANK0 ] unsigned um
  exp             1    3[BANK0 ] unsigned char 
  sign            1    4[BANK0 ] unsigned char 
 Auto vars:     Size  Location     Type
		None
 Return value:  Size  Location     Type
                  3    0[BANK0 ] float 
 Registers used:
		wreg, status,2, status,0
 Tracked objects:
		On entry : 
		On exit  : 
		Unchanged: 
 Data sizes:     COMMON   BANK0   BANK1   BANK3   BANK2
      Params:         0       5       0       0       0
      Locals:         0       0       0       0       0
      Temps:          0       3       0       0       0
      Totals:         0       8       0       0       0
Total ram usage:        8 bytes
 Hardware stack levels used:    1
 Hardware stack levels required when called:    1
 This function calls:
		Nothing
 This function is called by:
		___altoft
		___awtoft
		___ftadd
		___ftdiv
		___ftmul
		___lltoft
		___lwtoft
 This function uses a non-reentrant model


 *************** function ___awmod *****************
 Defined at:
		line 6 in file "C:\Program Files (x86)\Microchip\xc8\v1.43\sources\common\awmod.c"
 Parameters:    Size  Location     Type
  divisor         2   20[BANK0 ] int 
  dividend        2   22[BANK0 ] int 
 Auto vars:     Size  Location     Type
  sign            1   26[BANK0 ] unsigned char 
  counter         1   25[BANK0 ] unsigned char 
 Return value:  Size  Location     Type
                  2   20[BANK0 ] int 
 Registers used:
		wreg, status,2, status,0
 Tracked objects:
		On entry : 
		On exit  : 
		Unchanged: 
 Data sizes:     COMMON   BANK0   BANK1   BANK3   BANK2
      Params:         0       4       0       0       0
      Locals:         0       2       0       0       0
      Temps:          0       1       0       0       0
      Totals:         0       7       0       0       0
Total ram usage:        7 bytes
 Hardware stack levels used:    1
 Hardware stack levels required when called:    1
 This function calls:
		Nothing
 This function is called by:
		_main
 This function uses a non-reentrant model


 *************** function _isr *****************
 Defined at:
		line 21 in file "jgatoraton1.c"
 Parameters:    Size  Location     Type
		None
 Auto vars:     Size  Location     Type
		None
 Return value:  Size  Location     Type
                  1    wreg      void 
 Registers used:
		wreg, status,2, status,0
 Tracked objects:
		On entry : 
		On exit  : 
		Unchanged: 
 Data sizes:     COMMON   BANK0   BANK1   BANK3   BANK2
      Params:         0       0       0       0       0
      Locals:         0       0       0       0       0
      Temps:          6       0       0       0       0
      Totals:         6       0       0       0       0
Total ram usage:        6 bytes
 Hardware stack levels used:    1
 This function calls:
		Nothing
 This function is called by:
		Interrupt level 1
 This function uses a non-reentrant model



MODULE INFORMATION

Module		Function		Class		Link	Load	Size
C:\Program Files (x86)\Microchip\xc8\v1.43\sources\common\frexp.c
		_ldexp         		CODE           	0EF0	0000	131
		_frexp         		CODE           	0CEA	0000	67

C:\Program Files (x86)\Microchip\xc8\v1.43\sources\common\frexp.c estimated size: 198

C:\Program Files (x86)\Microchip\xc8\v1.43\sources\common\Umul32.c
		___lmul        		CODE           	0C67	0000	66

C:\Program Files (x86)\Microchip\xc8\v1.43\sources\common\Umul32.c estimated size: 66

C:\Program Files (x86)\Microchip\xc8\v1.43\sources\common\floor.c
		_floor         		CODE           	0706	0000	154

C:\Program Files (x86)\Microchip\xc8\v1.43\sources\common\floor.c estimated size: 154

C:\Program Files (x86)\Microchip\xc8\v1.43\sources\common\ftmul.c
		___ftmul       		CODE           	04B3	0000	212

C:\Program Files (x86)\Microchip\xc8\v1.43\sources\common\ftmul.c estimated size: 212

C:\Program Files (x86)\Microchip\xc8\v1.43\sources\common\log.c
		_log           		CODE           	0586	0000	201

C:\Program Files (x86)\Microchip\xc8\v1.43\sources\common\log.c estimated size: 201

C:\Program Files (x86)\Microchip\xc8\v1.43\sources\common\ftdiv.c
		___ftdiv       		CODE           	064E	0000	185

C:\Program Files (x86)\Microchip\xc8\v1.43\sources\common\ftdiv.c estimated size: 185

C:\Program Files (x86)\Microchip\xc8\v1.43\sources\common\ftge.c
		___ftge        		CODE           	079F	0000	96

C:\Program Files (x86)\Microchip\xc8\v1.43\sources\common\ftge.c estimated size: 96

C:\Program Files (x86)\Microchip\xc8\v1.43\sources\common\pow.c
		_pow           		CODE           	004B	0000	329

C:\Program Files (x86)\Microchip\xc8\v1.43\sources\common\pow.c estimated size: 329

C:\Program Files (x86)\Microchip\xc8\v1.43\sources\common\awtoft.c
		___awtoft      		CODE           	0BEA	0000	38

C:\Program Files (x86)\Microchip\xc8\v1.43\sources\common\awtoft.c estimated size: 38

C:\Program Files (x86)\Microchip\xc8\v1.43\sources\common\altoft.c
		___altoft      		CODE           	0CA8	0000	67

C:\Program Files (x86)\Microchip\xc8\v1.43\sources\common\altoft.c estimated size: 67

C:\Program Files (x86)\Microchip\xc8\v1.43\sources\common\Umul8.c
		___bmul        		CODE           	0B9E	0000	20

C:\Program Files (x86)\Microchip\xc8\v1.43\sources\common\Umul8.c estimated size: 20

C:\Program Files (x86)\Microchip\xc8\v1.43\sources\common\fttol.c
		___fttol       		CODE           	0F72	0000	143

C:\Program Files (x86)\Microchip\xc8\v1.43\sources\common\fttol.c estimated size: 143

C:\Program Files (x86)\Microchip\xc8\v1.43\sources\common\rand.c
		_rand          		CODE           	0D2C	0000	72

C:\Program Files (x86)\Microchip\xc8\v1.43\sources\common\rand.c estimated size: 72

C:\Program Files (x86)\Microchip\xc8\v1.43\sources\common\evalpoly.c
		_eval_poly     		CODE           	0E77	0000	122

C:\Program Files (x86)\Microchip\xc8\v1.43\sources\common\evalpoly.c estimated size: 122

C:\Program Files (x86)\Microchip\xc8\v1.43\sources\common\lwtoft.c
		___lwtoft      		CODE           	0BB1	0000	25

C:\Program Files (x86)\Microchip\xc8\v1.43\sources\common\lwtoft.c estimated size: 25

C:\Program Files (x86)\Microchip\xc8\v1.43\sources\common\lltoft.c
		___lltoft      		CODE           	0C38	0000	48

C:\Program Files (x86)\Microchip\xc8\v1.43\sources\common\lltoft.c estimated size: 48

C:\Program Files (x86)\Microchip\xc8\v1.43\sources\common\ftadd.c
		___ftadd       		CODE           	02CE	0000	266

C:\Program Files (x86)\Microchip\xc8\v1.43\sources\common\ftadd.c estimated size: 266

shared
		exp@coeff      		STRING         	0806	0000	31
		__stringtab    		STRING         	0800	0000	7
		__initialization		CODE           	0015	0000	51
		log@coeff      		STRING         	0824	0000	28

shared estimated size: 117

jgatoraton1.c
		_validar       		CODE           	0D73	0000	74
		_main          		CODE           	03D7	0000	221
		_isr           		CODE           	0C0F	0000	42

jgatoraton1.c estimated size: 337

C:\Program Files (x86)\Microchip\xc8\v1.43\sources\common\ftneg.c
		___ftneg       		CODE           	0B94	0000	11

C:\Program Files (x86)\Microchip\xc8\v1.43\sources\common\ftneg.c estimated size: 11

C:\Program Files (x86)\Microchip\xc8\v1.43\sources\common\ftsub.c
		___ftsub       		CODE           	0BC9	0000	34

C:\Program Files (x86)\Microchip\xc8\v1.43\sources\common\ftsub.c estimated size: 34

C:\Program Files (x86)\Microchip\xc8\v1.43\sources\common\float.c
		___ftpack      		CODE           	0E09	0000	111

C:\Program Files (x86)\Microchip\xc8\v1.43\sources\common\float.c estimated size: 111

C:\Program Files (x86)\Microchip\xc8\v1.43\sources\common\exp.c
		_exp           		CODE           	0193	0000	316

C:\Program Files (x86)\Microchip\xc8\v1.43\sources\common\exp.c estimated size: 316

C:\Program Files (x86)\Microchip\xc8\v1.43\sources\common\awmod.c
		___awmod       		CODE           	0DBC	0000	78

C:\Program Files (x86)\Microchip\xc8\v1.43\sources\common\awmod.c estimated size: 78

